This is pdfTeX, Version 3.141592653-2.6-1.40.27 (TeX Live 2025) (preloaded format=pdflatex)
 restricted \write18 enabled.
entering extended mode
(./Thesis.tex
LaTeX2e <2024-11-01> patch level 2
L3 programming layer <2025-01-18>
(/usr/local/texlive/2025/texmf-dist/tex/latex/koma-script/scrreprt.cls
Document Class: scrreprt 2024/10/24 v3.43 KOMA-Script document class (report)
(/usr/local/texlive/2025/texmf-dist/tex/latex/koma-script/scrkbase.sty
(/usr/local/texlive/2025/texmf-dist/tex/latex/koma-script/scrbase.sty
(/usr/local/texlive/2025/texmf-dist/tex/latex/koma-script/scrlfile.sty
(/usr/local/texlive/2025/texmf-dist/tex/latex/koma-script/scrlfile-hook.sty
(/usr/local/texlive/2025/texmf-dist/tex/latex/koma-script/scrlogo.sty)))
(/usr/local/texlive/2025/texmf-dist/tex/latex/graphics/keyval.sty)))
(/usr/local/texlive/2025/texmf-dist/tex/latex/koma-script/tocbasic.sty)
(/usr/local/texlive/2025/texmf-dist/tex/latex/koma-script/scrsize12pt.clo)
(/usr/local/texlive/2025/texmf-dist/tex/latex/koma-script/typearea.sty))
(./preambel/settings.tex) (./preambel/preambel.tex
(./preambel/preambel-commands.tex
(/usr/local/texlive/2025/texmf-dist/tex/latex/tools/xspace.sty)
(/usr/local/texlive/2025/texmf-dist/tex/latex/base/ifthen.sty)
(/usr/local/texlive/2025/texmf-dist/tex/generic/iftex/ifpdf.sty
(/usr/local/texlive/2025/texmf-dist/tex/generic/iftex/iftex.sty)))
(/usr/local/texlive/2025/texmf-dist/tex/generic/babel/babel.sty
(/usr/local/texlive/2025/texmf-dist/tex/generic/babel/txtbabel.def)
(/usr/local/texlive/2025/texmf-dist/tex/generic/babel-german/ngerman.ldf
(/usr/local/texlive/2025/texmf-dist/tex/generic/babel-german/ngermanb.ldf)))
(/usr/local/texlive/2025/texmf-dist/tex/generic/babel/locale/de/babel-ngerman.t
ex) (/usr/local/texlive/2025/texmf-dist/tex/latex/xcolor/xcolor.sty
(/usr/local/texlive/2025/texmf-dist/tex/latex/graphics-cfg/color.cfg)
(/usr/local/texlive/2025/texmf-dist/tex/latex/graphics-def/pdftex.def)
(/usr/local/texlive/2025/texmf-dist/tex/latex/graphics/mathcolor.ltx))
(/usr/local/texlive/2025/texmf-dist/tex/latex/colortbl/colortbl.sty
(/usr/local/texlive/2025/texmf-dist/tex/latex/tools/array.sty))
(/usr/local/texlive/2025/texmf-dist/tex/latex/graphics/graphicx.sty
(/usr/local/texlive/2025/texmf-dist/tex/latex/graphics/graphics.sty
(/usr/local/texlive/2025/texmf-dist/tex/latex/graphics/trig.sty)
(/usr/local/texlive/2025/texmf-dist/tex/latex/graphics-cfg/graphics.cfg)))
(/usr/local/texlive/2025/texmf-dist/tex/latex/pdflscape/pdflscape.sty
(/usr/local/texlive/2025/texmf-dist/tex/latex/pdflscape/pdflscape-nometadata.st
y (/usr/local/texlive/2025/texmf-dist/tex/latex/graphics/lscape.sty)))
(/usr/local/texlive/2025/texmf-dist/tex/latex/tools/calc.sty)
(/usr/local/texlive/2025/texmf-dist/tex/latex/base/fontenc.sty)
(/usr/local/texlive/2025/texmf-dist/tex/latex/base/textcomp.sty)
(./preambel/Fonts.tex
(/usr/local/texlive/2025/texmf-dist/tex/latex/lm/lmodern.sty))
(/usr/local/texlive/2025/texmf-dist/tex/latex/setspace/setspace.sty)
(/usr/local/texlive/2025/texmf-dist/tex/latex/microtype/microtype.sty
(/usr/local/texlive/2025/texmf-dist/tex/latex/etoolbox/etoolbox.sty)
(/usr/local/texlive/2025/texmf-dist/tex/latex/microtype/microtype-pdftex.def)
(/usr/local/texlive/2025/texmf-dist/tex/latex/microtype/microtype.cfg))
(/usr/local/texlive/2025/texmf-dist/tex/latex/ragged2e/ragged2e.sty)
(/usr/local/texlive/2025/texmf-dist/tex/latex/ellipsis/ellipsis.sty)
(/usr/local/texlive/2025/texmf-dist/tex/generic/ulem/ulem.sty)
(/usr/local/texlive/2025/texmf-dist/tex/generic/soul/soul.sty
(/usr/local/texlive/2025/texmf-dist/tex/generic/soul/soul-ori.sty)
(/usr/local/texlive/2025/texmf-dist/tex/generic/infwarerr/infwarerr.sty)
(/usr/local/texlive/2025/texmf-dist/tex/generic/etexcmds/etexcmds.sty))
(/usr/local/texlive/2025/texmf-dist/tex/latex/xurl/xurl.sty
(/usr/local/texlive/2025/texmf-dist/tex/latex/url/url.sty))
(/usr/local/texlive/2025/texmf-dist/tex/latex/csquotes/csquotes.sty
(/usr/local/texlive/2025/texmf-dist/tex/latex/csquotes/csquotes.def)
(/usr/local/texlive/2025/texmf-dist/tex/latex/csquotes/csquotes.cfg))
(/usr/local/texlive/2025/texmf-dist/tex/latex/geometry/geometry.sty
(/usr/local/texlive/2025/texmf-dist/tex/generic/iftex/ifvtex.sty))
(/usr/local/texlive/2025/texmf-dist/tex/latex/koma-script/scrlayer-scrpage.sty
(/usr/local/texlive/2025/texmf-dist/tex/latex/koma-script/scrlayer.sty))
(/usr/local/texlive/2025/texmf-dist/tex/latex/footmisc/footmisc.sty)
(/usr/local/texlive/2025/texmf-dist/tex/latex/booktabs/booktabs.sty)
(/usr/local/texlive/2025/texmf-dist/tex/latex/multirow/multirow.sty)
(/usr/local/texlive/2025/texmf-dist/tex/latex/tools/dcolumn.sty)
(/usr/local/texlive/2025/texmf-dist/tex/latex/carlisle/ltxtable.sty
(/usr/local/texlive/2025/texmf-dist/tex/latex/tools/tabularx.sty)
(/usr/local/texlive/2025/texmf-dist/tex/latex/tools/longtable.sty))
(/usr/local/texlive/2025/texmf-dist/tex/latex/float/float.sty)
(/usr/local/texlive/2025/texmf-dist/tex/latex/base/flafter.sty)
(/usr/local/texlive/2025/texmf-dist/tex/latex/placeins/placeins.sty)
(/usr/local/texlive/2025/texmf-dist/tex/latex/caption/subcaption.sty
(/usr/local/texlive/2025/texmf-dist/tex/latex/caption/caption.sty
(/usr/local/texlive/2025/texmf-dist/tex/latex/caption/caption3.sty
(/usr/local/texlive/2025/texmf-dist/tex/latex/caption/caption-koma.sto))
(/usr/local/texlive/2025/texmf-dist/tex/latex/caption/ltcaption.sty)))
(/usr/local/texlive/2025/texmf-dist/tex/latex/pgf/frontendlayer/tikz.sty
(/usr/local/texlive/2025/texmf-dist/tex/latex/pgf/basiclayer/pgf.sty
(/usr/local/texlive/2025/texmf-dist/tex/latex/pgf/utilities/pgfrcs.sty
(/usr/local/texlive/2025/texmf-dist/tex/generic/pgf/utilities/pgfutil-common.te
x)
(/usr/local/texlive/2025/texmf-dist/tex/generic/pgf/utilities/pgfutil-latex.def
) (/usr/local/texlive/2025/texmf-dist/tex/generic/pgf/utilities/pgfrcs.code.tex
(/usr/local/texlive/2025/texmf-dist/tex/generic/pgf/pgf.revision.tex)))
(/usr/local/texlive/2025/texmf-dist/tex/latex/pgf/basiclayer/pgfcore.sty
(/usr/local/texlive/2025/texmf-dist/tex/latex/pgf/systemlayer/pgfsys.sty
(/usr/local/texlive/2025/texmf-dist/tex/generic/pgf/systemlayer/pgfsys.code.tex
(/usr/local/texlive/2025/texmf-dist/tex/generic/pgf/utilities/pgfkeys.code.tex
(/usr/local/texlive/2025/texmf-dist/tex/generic/pgf/utilities/pgfkeyslibraryfil
tered.code.tex))
(/usr/local/texlive/2025/texmf-dist/tex/generic/pgf/systemlayer/pgf.cfg)
(/usr/local/texlive/2025/texmf-dist/tex/generic/pgf/systemlayer/pgfsys-pdftex.d
ef
(/usr/local/texlive/2025/texmf-dist/tex/generic/pgf/systemlayer/pgfsys-common-p
df.def)))
(/usr/local/texlive/2025/texmf-dist/tex/generic/pgf/systemlayer/pgfsyssoftpath.
code.tex)
(/usr/local/texlive/2025/texmf-dist/tex/generic/pgf/systemlayer/pgfsysprotocol.
code.tex))
(/usr/local/texlive/2025/texmf-dist/tex/generic/pgf/basiclayer/pgfcore.code.tex
(/usr/local/texlive/2025/texmf-dist/tex/generic/pgf/math/pgfmath.code.tex
(/usr/local/texlive/2025/texmf-dist/tex/generic/pgf/math/pgfmathutil.code.tex)
(/usr/local/texlive/2025/texmf-dist/tex/generic/pgf/math/pgfmathparser.code.tex
)
(/usr/local/texlive/2025/texmf-dist/tex/generic/pgf/math/pgfmathfunctions.code.
tex)
(/usr/local/texlive/2025/texmf-dist/tex/generic/pgf/math/pgfmathfunctions.basic
.code.tex)
(/usr/local/texlive/2025/texmf-dist/tex/generic/pgf/math/pgfmathfunctions.trigo
nometric.code.tex)
(/usr/local/texlive/2025/texmf-dist/tex/generic/pgf/math/pgfmathfunctions.rando
m.code.tex)
(/usr/local/texlive/2025/texmf-dist/tex/generic/pgf/math/pgfmathfunctions.compa
rison.code.tex)
(/usr/local/texlive/2025/texmf-dist/tex/generic/pgf/math/pgfmathfunctions.base.
code.tex)
(/usr/local/texlive/2025/texmf-dist/tex/generic/pgf/math/pgfmathfunctions.round
.code.tex)
(/usr/local/texlive/2025/texmf-dist/tex/generic/pgf/math/pgfmathfunctions.misc.
code.tex)
(/usr/local/texlive/2025/texmf-dist/tex/generic/pgf/math/pgfmathfunctions.integ
erarithmetics.code.tex)
(/usr/local/texlive/2025/texmf-dist/tex/generic/pgf/math/pgfmathcalc.code.tex)
(/usr/local/texlive/2025/texmf-dist/tex/generic/pgf/math/pgfmathfloat.code.tex)
) (/usr/local/texlive/2025/texmf-dist/tex/generic/pgf/math/pgfint.code.tex)
(/usr/local/texlive/2025/texmf-dist/tex/generic/pgf/basiclayer/pgfcorepoints.co
de.tex)
(/usr/local/texlive/2025/texmf-dist/tex/generic/pgf/basiclayer/pgfcorepathconst
ruct.code.tex)
(/usr/local/texlive/2025/texmf-dist/tex/generic/pgf/basiclayer/pgfcorepathusage
.code.tex)
(/usr/local/texlive/2025/texmf-dist/tex/generic/pgf/basiclayer/pgfcorescopes.co
de.tex)
(/usr/local/texlive/2025/texmf-dist/tex/generic/pgf/basiclayer/pgfcoregraphicst
ate.code.tex)
(/usr/local/texlive/2025/texmf-dist/tex/generic/pgf/basiclayer/pgfcoretransform
ations.code.tex)
(/usr/local/texlive/2025/texmf-dist/tex/generic/pgf/basiclayer/pgfcorequick.cod
e.tex)
(/usr/local/texlive/2025/texmf-dist/tex/generic/pgf/basiclayer/pgfcoreobjects.c
ode.tex)
(/usr/local/texlive/2025/texmf-dist/tex/generic/pgf/basiclayer/pgfcorepathproce
ssing.code.tex)
(/usr/local/texlive/2025/texmf-dist/tex/generic/pgf/basiclayer/pgfcorearrows.co
de.tex)
(/usr/local/texlive/2025/texmf-dist/tex/generic/pgf/basiclayer/pgfcoreshade.cod
e.tex)
(/usr/local/texlive/2025/texmf-dist/tex/generic/pgf/basiclayer/pgfcoreimage.cod
e.tex)
(/usr/local/texlive/2025/texmf-dist/tex/generic/pgf/basiclayer/pgfcoreexternal.
code.tex)
(/usr/local/texlive/2025/texmf-dist/tex/generic/pgf/basiclayer/pgfcorelayers.co
de.tex)
(/usr/local/texlive/2025/texmf-dist/tex/generic/pgf/basiclayer/pgfcoretranspare
ncy.code.tex)
(/usr/local/texlive/2025/texmf-dist/tex/generic/pgf/basiclayer/pgfcorepatterns.
code.tex)
(/usr/local/texlive/2025/texmf-dist/tex/generic/pgf/basiclayer/pgfcorerdf.code.
tex)))
(/usr/local/texlive/2025/texmf-dist/tex/generic/pgf/modules/pgfmoduleshapes.cod
e.tex)
(/usr/local/texlive/2025/texmf-dist/tex/generic/pgf/modules/pgfmoduleplot.code.
tex)
(/usr/local/texlive/2025/texmf-dist/tex/latex/pgf/compatibility/pgfcomp-version
-0-65.sty)
(/usr/local/texlive/2025/texmf-dist/tex/latex/pgf/compatibility/pgfcomp-version
-1-18.sty))
(/usr/local/texlive/2025/texmf-dist/tex/latex/pgf/utilities/pgffor.sty
(/usr/local/texlive/2025/texmf-dist/tex/latex/pgf/utilities/pgfkeys.sty
(/usr/local/texlive/2025/texmf-dist/tex/generic/pgf/utilities/pgfkeys.code.tex)
) (/usr/local/texlive/2025/texmf-dist/tex/latex/pgf/math/pgfmath.sty
(/usr/local/texlive/2025/texmf-dist/tex/generic/pgf/math/pgfmath.code.tex))
(/usr/local/texlive/2025/texmf-dist/tex/generic/pgf/utilities/pgffor.code.tex))

(/usr/local/texlive/2025/texmf-dist/tex/generic/pgf/frontendlayer/tikz/tikz.cod
e.tex
(/usr/local/texlive/2025/texmf-dist/tex/generic/pgf/libraries/pgflibraryplothan
dlers.code.tex)
(/usr/local/texlive/2025/texmf-dist/tex/generic/pgf/modules/pgfmodulematrix.cod
e.tex)
(/usr/local/texlive/2025/texmf-dist/tex/generic/pgf/frontendlayer/tikz/librarie
s/tikzlibrarytopaths.code.tex)))
(/usr/local/texlive/2025/texmf-dist/tex/generic/pgf/libraries/pgflibraryarrows.
meta.code.tex)
(/usr/local/texlive/2025/texmf-dist/tex/generic/pgf/frontendlayer/tikz/librarie
s/tikzlibrarypositioning.code.tex)
(/usr/local/texlive/2025/texmf-dist/tex/generic/pgf/frontendlayer/tikz/librarie
s/tikzlibraryshapes.code.tex
(/usr/local/texlive/2025/texmf-dist/tex/generic/pgf/frontendlayer/tikz/librarie
s/tikzlibraryshapes.geometric.code.tex
(/usr/local/texlive/2025/texmf-dist/tex/generic/pgf/libraries/shapes/pgflibrary
shapes.geometric.code.tex))
(/usr/local/texlive/2025/texmf-dist/tex/generic/pgf/frontendlayer/tikz/librarie
s/tikzlibraryshapes.misc.code.tex
(/usr/local/texlive/2025/texmf-dist/tex/generic/pgf/libraries/shapes/pgflibrary
shapes.misc.code.tex))
(/usr/local/texlive/2025/texmf-dist/tex/generic/pgf/frontendlayer/tikz/librarie
s/tikzlibraryshapes.symbols.code.tex
(/usr/local/texlive/2025/texmf-dist/tex/generic/pgf/libraries/shapes/pgflibrary
shapes.symbols.code.tex))
(/usr/local/texlive/2025/texmf-dist/tex/generic/pgf/frontendlayer/tikz/librarie
s/tikzlibraryshapes.arrows.code.tex
(/usr/local/texlive/2025/texmf-dist/tex/generic/pgf/libraries/shapes/pgflibrary
shapes.arrows.code.tex))
(/usr/local/texlive/2025/texmf-dist/tex/generic/pgf/frontendlayer/tikz/librarie
s/tikzlibraryshapes.callouts.code.tex
(/usr/local/texlive/2025/texmf-dist/tex/generic/pgf/libraries/shapes/pgflibrary
shapes.callouts.code.tex))
(/usr/local/texlive/2025/texmf-dist/tex/generic/pgf/frontendlayer/tikz/librarie
s/tikzlibraryshapes.multipart.code.tex
(/usr/local/texlive/2025/texmf-dist/tex/generic/pgf/libraries/shapes/pgflibrary
shapes.multipart.code.tex)))
(/usr/local/texlive/2025/texmf-dist/tex/generic/pgf/frontendlayer/tikz/librarie
s/tikzlibraryfit.code.tex)
(/usr/local/texlive/2025/texmf-dist/tex/latex/wrapfig/wrapfig.sty)
(/usr/local/texlive/2025/texmf-dist/tex/latex/capt-of/capt-of.sty)
(/usr/local/texlive/2025/texmf-dist/tex/latex/tcolorbox/tcolorbox.sty
(/usr/local/texlive/2025/texmf-dist/tex/latex/tools/verbatim.sty)
(/usr/local/texlive/2025/texmf-dist/tex/latex/environ/environ.sty
(/usr/local/texlive/2025/texmf-dist/tex/latex/trimspaces/trimspaces.sty))
(/usr/local/texlive/2025/texmf-dist/tex/latex/tcolorbox/tcbraster.code.tex
Library (tcolorbox): 'tcbraster.code.tex' version '6.4.1'
) (/usr/local/texlive/2025/texmf-dist/tex/latex/tcolorbox/tcbskins.code.tex
Library (tcolorbox): 'tcbskins.code.tex' version '6.4.1'
(/usr/local/texlive/2025/texmf-dist/tex/latex/tikzfill/tikzfill.image.sty
(/usr/local/texlive/2025/texmf-dist/tex/latex/tikzfill/tikzfill-common.sty)
(/usr/local/texlive/2025/texmf-dist/tex/latex/tikzfill/tikzlibraryfill.image.co
de.tex))
(/usr/local/texlive/2025/texmf-dist/tex/latex/tcolorbox/tcbskinsjigsaw.code.tex
Library (tcolorbox): 'tcbskinsjigsaw.code.tex' version '6.4.1'
))
(/usr/local/texlive/2025/texmf-dist/tex/latex/tcolorbox/tcbbreakable.code.tex
Library (tcolorbox): 'tcbbreakable.code.tex' version '6.4.1'
(/usr/local/texlive/2025/texmf-dist/tex/latex/pdfcol/pdfcol.sty
(/usr/local/texlive/2025/texmf-dist/tex/generic/ltxcmds/ltxcmds.sty)))
(/usr/local/texlive/2025/texmf-dist/tex/latex/tcolorbox/tcbhooks.code.tex
Library (tcolorbox): 'tcbhooks.code.tex' version '6.4.1'
) (/usr/local/texlive/2025/texmf-dist/tex/latex/tcolorbox/tcbtheorems.code.tex
Library (tcolorbox): 'tcbtheorems.code.tex' version '6.4.1'
(/usr/local/texlive/2025/texmf-dist/tex/latex/amsmath/amsmath.sty
For additional information on amsmath, use the `?' option.
(/usr/local/texlive/2025/texmf-dist/tex/latex/amsmath/amstext.sty
(/usr/local/texlive/2025/texmf-dist/tex/latex/amsmath/amsgen.sty))
(/usr/local/texlive/2025/texmf-dist/tex/latex/amsmath/amsbsy.sty)
(/usr/local/texlive/2025/texmf-dist/tex/latex/amsmath/amsopn.sty)))
(/usr/local/texlive/2025/texmf-dist/tex/latex/tcolorbox/tcbfitting.code.tex
Library (tcolorbox): 'tcbfitting.code.tex' version '6.4.1'
)
(/usr/local/texlive/2025/texmf-dist/tex/latex/tcolorbox/tcblistingsutf8.code.te
x
Library (tcolorbox): 'tcblistingsutf8.code.tex' version '6.4.1'
(/usr/local/texlive/2025/texmf-dist/tex/latex/tcolorbox/tcblistings.code.tex
Library (tcolorbox): 'tcblistings.code.tex' version '6.4.1'
(/usr/local/texlive/2025/texmf-dist/tex/latex/listings/listings.sty
(/usr/local/texlive/2025/texmf-dist/tex/latex/listings/lstpatch.sty)
(/usr/local/texlive/2025/texmf-dist/tex/latex/listings/lstmisc.sty)
(/usr/local/texlive/2025/texmf-dist/tex/latex/listings/listings.cfg))
(/usr/local/texlive/2025/texmf-dist/tex/latex/tcolorbox/tcblistingscore.code.te
x
Library (tcolorbox): 'tcblistingscore.code.tex' version '6.4.1'
(/usr/local/texlive/2025/texmf-dist/tex/latex/tcolorbox/tcbprocessing.code.tex
Library (tcolorbox): 'tcbprocessing.code.tex' version '6.4.1'
))) (/usr/local/texlive/2025/texmf-dist/tex/latex/listingsutf8/listingsutf8.sty
(/usr/local/texlive/2025/texmf-dist/tex/generic/pdftexcmds/pdftexcmds.sty)
(/usr/local/texlive/2025/texmf-dist/tex/generic/stringenc/stringenc.sty
(/usr/local/texlive/2025/texmf-dist/tex/generic/pdfescape/pdfescape.sty))))
(/usr/local/texlive/2025/texmf-dist/tex/latex/tcolorbox/tcbexternal.code.tex
Library (tcolorbox): 'tcbexternal.code.tex' version '6.4.1'
) (/usr/local/texlive/2025/texmf-dist/tex/latex/tcolorbox/tcbmagazine.code.tex
Library (tcolorbox): 'tcbmagazine.code.tex' version '6.4.1'
) (/usr/local/texlive/2025/texmf-dist/tex/latex/tcolorbox/tcbvignette.code.tex
Library (tcolorbox): 'tcbvignette.code.tex' version '6.4.1'

(/usr/local/texlive/2025/texmf-dist/tex/generic/pgf/frontendlayer/tikz/librarie
s/tikzlibraryfadings.code.tex
(/usr/local/texlive/2025/texmf-dist/tex/generic/pgf/libraries/pgflibraryfadings
.code.tex)))
(/usr/local/texlive/2025/texmf-dist/tex/latex/tcolorbox/tcbposter.code.tex
Library (tcolorbox): 'tcbposter.code.tex' version '6.4.1'
)) (/usr/local/texlive/2025/texmf-dist/tex/latex/mathtools/mathtools.sty
(/usr/local/texlive/2025/texmf-dist/tex/latex/mathtools/mhsetup.sty))
(/usr/local/texlive/2025/texmf-dist/tex/latex/fixmath/fixmath.sty)
(/usr/local/texlive/2025/texmf-dist/tex/latex/was/icomma.sty)
(/usr/local/texlive/2025/texmf-dist/tex/latex/siunitx/siunitx.sty
(/usr/local/texlive/2025/texmf-dist/tex/latex/translations/translations.sty))
(/usr/local/texlive/2025/texmf-dist/tex/latex/braket/braket.sty)
(/usr/local/texlive/2025/texmf-dist/tex/latex/cancel/cancel.sty)
(/usr/local/texlive/2025/texmf-dist/tex/latex/mathtools/empheq.sty)
(/usr/local/texlive/2025/texmf-dist/tex/latex/was/upgreek.sty)
(/usr/local/texlive/2025/texmf-dist/tex/latex/gensymb/gensymb.sty)
(/usr/local/texlive/2025/texmf-dist/tex/latex/biblatex/biblatex.sty
(/usr/local/texlive/2025/texmf-dist/tex/latex/kvoptions/kvoptions.sty
(/usr/local/texlive/2025/texmf-dist/tex/latex/kvsetkeys/kvsetkeys.sty))
(/usr/local/texlive/2025/texmf-dist/tex/latex/logreq/logreq.sty
(/usr/local/texlive/2025/texmf-dist/tex/latex/logreq/logreq.def))
(/usr/local/texlive/2025/texmf-dist/tex/latex/biblatex/blx-dm.def)
(/usr/local/texlive/2025/texmf-dist/tex/latex/biblatex/blx-compat.def)
(/usr/local/texlive/2025/texmf-dist/tex/latex/biblatex/biblatex.def)
(/usr/local/texlive/2025/texmf-dist/tex/latex/biblatex/bbx/alphabetic.bbx
(/usr/local/texlive/2025/texmf-dist/tex/latex/biblatex/bbx/standard.bbx))
(/usr/local/texlive/2025/texmf-dist/tex/latex/biblatex/cbx/alphabetic.cbx)
(/usr/local/texlive/2025/texmf-dist/tex/latex/biblatex/biblatex.cfg)
(/usr/local/texlive/2025/texmf-dist/tex/latex/l3kernel/expl3.sty
(/usr/local/texlive/2025/texmf-dist/tex/latex/l3backend/l3backend-pdftex.def))
(/usr/local/texlive/2025/texmf-dist/tex/latex/biblatex/blx-case-expl3.sty
(/usr/local/texlive/2025/texmf-dist/tex/latex/l3packages/xparse/xparse.sty)))
(/usr/local/texlive/2025/texmf-dist/tex/latex/imakeidx/imakeidx.sty
(/usr/local/texlive/2025/texmf-dist/tex/latex/xkeyval/xkeyval.sty
(/usr/local/texlive/2025/texmf-dist/tex/generic/xkeyval/xkeyval.tex
(/usr/local/texlive/2025/texmf-dist/tex/generic/xkeyval/xkvutils.tex)))
(/usr/local/texlive/2025/texmf-dist/tex/generic/iftex/ifxetex.sty)
(/usr/local/texlive/2025/texmf-dist/tex/generic/iftex/ifluatex.sty)
(/usr/local/texlive/2025/texmf-dist/tex/latex/tools/multicol.sty))
(/usr/local/texlive/2025/texmf-dist/tex/latex/nomencl/nomencl.sty)
(/usr/local/texlive/2025/texmf-dist/tex/latex/acronym/acronym.sty
(/usr/local/texlive/2025/texmf-dist/tex/latex/bigfoot/suffix.sty)
(/usr/local/texlive/2025/texmf-dist/tex/generic/xstring/xstring.sty
(/usr/local/texlive/2025/texmf-dist/tex/generic/xstring/xstring.tex)))
(/usr/local/texlive/2025/texmf-dist/tex/latex/tools/varioref.sty)
(/usr/local/texlive/2025/texmf-dist/tex/latex/hyperref/hyperref.sty
(/usr/local/texlive/2025/texmf-dist/tex/generic/kvdefinekeys/kvdefinekeys.sty)
(/usr/local/texlive/2025/texmf-dist/tex/latex/hycolor/hycolor.sty)
(/usr/local/texlive/2025/texmf-dist/tex/latex/hyperref/nameref.sty
(/usr/local/texlive/2025/texmf-dist/tex/latex/refcount/refcount.sty)
(/usr/local/texlive/2025/texmf-dist/tex/generic/gettitlestring/gettitlestring.s
ty)) (/usr/local/texlive/2025/texmf-dist/tex/latex/hyperref/pd1enc.def)
(/usr/local/texlive/2025/texmf-dist/tex/generic/intcalc/intcalc.sty)
(/usr/local/texlive/2025/texmf-dist/tex/latex/hyperref/puenc.def)
(/usr/local/texlive/2025/texmf-dist/tex/generic/bitset/bitset.sty
(/usr/local/texlive/2025/texmf-dist/tex/generic/bigintcalc/bigintcalc.sty))
(/usr/local/texlive/2025/texmf-dist/tex/latex/base/atbegshi-ltx.sty))
(/usr/local/texlive/2025/texmf-dist/tex/latex/hyperref/hpdftex.def
(/usr/local/texlive/2025/texmf-dist/tex/latex/base/atveryend-ltx.sty)
(/usr/local/texlive/2025/texmf-dist/tex/latex/rerunfilecheck/rerunfilecheck.sty

(/usr/local/texlive/2025/texmf-dist/tex/generic/uniquecounter/uniquecounter.sty
))) (/usr/local/texlive/2025/texmf-dist/tex/latex/hypcap/hypcap.sty
(/usr/local/texlive/2025/texmf-dist/tex/latex/letltxmacro/letltxmacro.sty))
(/usr/local/texlive/2025/texmf-dist/tex/latex/upquote/upquote.sty)
(/usr/local/texlive/2025/texmf-dist/tex/latex/listings/lstlang1.sty)
(/usr/local/texlive/2025/texmf-dist/tex/latex/enumitem/enumitem.sty)
(/usr/local/texlive/2025/texmf-dist/tex/latex/pdfpages/pdfpages.sty
(/usr/local/texlive/2025/texmf-dist/tex/latex/eso-pic/eso-pic.sty)
(/usr/local/texlive/2025/texmf-dist/tex/latex/pdfpages/pppdftex.def))
(/usr/local/texlive/2025/texmf-dist/tex/latex/marginnote/marginnote.sty)
(/usr/local/texlive/2025/texmf-dist/tex/latex/todonotes/todonotes.sty)
Writing index file Thesis.idx
) (./preambel/Hyphenation.tex)
(/usr/local/texlive/2025/texmf-dist/tex/latex/lm/t1lmr.fd) (./Thesis.aux)
(/usr/local/texlive/2025/texmf-dist/tex/context/base/mkii/supp-pdf.mkii
[Loading MPS to PDF converter (version 2006.09.02).]
) (/usr/local/texlive/2025/texmf-dist/tex/latex/epstopdf-pkg/epstopdf-base.sty
(/usr/local/texlive/2025/texmf-dist/tex/latex/latexconfig/epstopdf-sys.cfg))
(/usr/local/texlive/2025/texmf-dist/tex/latex/microtype/mt-cmr.cfg)
*geometry* driver: auto-detecting
*geometry* detected driver: pdftex
(/usr/local/texlive/2025/texmf-dist/tex/latex/base/inputenc.sty)
(/usr/local/texlive/2025/texmf-dist/tex/latex/translations/translations-basic-d
ictionary-german.trsl)
(/usr/local/texlive/2025/texmf-dist/tex/latex/biblatex/lbx/ngerman.lbx
(/usr/local/texlive/2025/texmf-dist/tex/latex/biblatex/lbx/german.lbx)
(/usr/local/texlive/2025/texmf-dist/tex/latex/biblatex/lbx/german.lbx))
(./Thesis.bbl) (./Thesis.out) (./Thesis.out)
(/usr/local/texlive/2025/texmf-dist/tex/latex/bookmark/bookmark.sty
(/usr/local/texlive/2025/texmf-dist/tex/latex/bookmark/bkm-pdftex.def))
(./content/00_Titel.tex
(/usr/local/texlive/2025/texmf-dist/tex/latex/lm/t1lmss.fd)
[1{/usr/local/texlive/2025/texmf-var/fonts/map/pdftex/updmap/pdftex.map}{/usr/l
ocal/texlive/2025/texmf-dist/fonts/enc/dvips/lm/lm-ec.enc} <./images/800_iu-log
o-d-black-rgb-horizontal.png>])
[2] (./content/00_Abstract.tex
(/usr/local/texlive/2025/texmf-dist/tex/latex/lm/ot1lmr.fd)
(/usr/local/texlive/2025/texmf-dist/tex/latex/lm/omllmm.fd)
(/usr/local/texlive/2025/texmf-dist/tex/latex/lm/omslmsy.fd)
(/usr/local/texlive/2025/texmf-dist/tex/latex/lm/omxlmex.fd)
(/usr/local/texlive/2025/texmf-dist/tex/latex/lm/ts1lmr.fd) [1]
[2]
[3]
[4]) (./content/00_Danksagung.tex
[5]) (./content/00_GenderErklaerung.tex
[6])
[7{/usr/local/texlive/2025/texmf-dist/fonts/enc/dvips/lm/lm-ts1.enc}]
[8] (./Thesis.toc
[9]
[10])
[11]
[12] (./Thesis.lof)
[13]
[14] (./Thesis.lot)
[15]
[16] (./Thesis.lol)
[17]
[18] (./content/00_Abkuerzungen.tex [19] [20])
[21]
[22] (./content/01_Einfuehrung.tex
chapter 1.

[1]
[2]
[3]) (./content/02_Hintergrund.tex
[4]
chapter 2.

Underfull \hbox (badness 2626) in paragraph at lines 15--16
[]\T1/lmr/m/n/12 (+20) Tou+23[]]. Ba-sie-rend auf der Transformer-Architektur[]
 [[]Vas+17[]] nut-zen sie

[5]
[6]
Underfull \hbox (badness 1270) in paragraph at lines 49--50
[]\T1/lmr/bx/n/12 (+20) ReAct \T1/lmr/m/n/12 (+20) (Re-a-so-ning + Ac-ting): Ko
m-bi-niert Ge-dan-ken-ket-ten mit Tool-

[7]
[8]
[9]
[10]
[11]
[12]) (./content/03_Konzept.tex
[13]
[14]
chapter 3.

[15]
[16] (/usr/local/texlive/2025/texmf-dist/tex/latex/lm/t1lmtt.fd)
[17]
[18]
[19]
[20 <./images/agent-workflow.png>]
[21]
[22] (/usr/local/texlive/2025/texmf-dist/tex/latex/lm/ts1lmtt.fd))
(./content/04_Realisierung.tex
[23]
[24]
chapter 4.

[25]
[26]
[27]
Underfull \vbox (badness 10000) has occurred while \output is active
[28]
[29]
Underfull \hbox (badness 2460) in paragraph at lines 200--201
[]\T1/lmtt/m/n/12 search_in_repo(query="login", range="last-5-commits") \TS1/lm
r/m/n/12 (+20) ^^Y \T1/lmr/m/n/12 (+20) Tref-fer:

[30{/usr/local/texlive/2025/texmf-dist/fonts/enc/dvips/lm/lm-mathsy.enc}]
[31]
[32]
[33]
Underfull \hbox (badness 10000) in paragraph at lines 397--397
[]|\T1/lmr/m/n/12 (+20) Task-Success-Rate, Patch-Korrektheit (Test-s/Lint),
) (./content/05_Abschluss.tex
[34]
[35]
[36]
chapter 5.

[37]
[38]
Underfull \hbox (badness 2302) in paragraph at lines 50--51
[]\T1/lmr/bx/n/12 (+20) Rechenumgebungen: \T1/lmr/m/n/12 (+20) Eva-lua-ti-on so
-wohl oh-ne als auch mit \T1/lmr/bx/n/12 (+20) GPU\T1/lmr/m/n/12 (+20) -

[39]
[40]
[41]
[42]
[43])
[44]
chapter without number

[45]
[46]
[47]
[48] (./Thesis.ind [49] [50])
No file Thesis.nls.
(./content/Z-Anhang.tex
[51]
[52]
chapter A.
(./content/00_KIErklaerung.tex))
[53] (./content/Z-Anhang-table.tex
Overfull \hbox (10.9739pt too wide) in paragraph at lines 19--19
[]|\T1/lmr/m/n/12 (-20) Konzeptualisierung| 

Underfull \hbox (badness 1377) in paragraph at lines 19--19
[]|\T1/lmr/m/n/12 (+20) Strukturierung des me-tho-di-

Underfull \hbox (badness 10000) in paragraph at lines 20--20
[]|\T1/lmr/m/n/12 (+20) Code-

Underfull \hbox (badness 1331) in paragraph at lines 20--20
[]|\T1/lmr/m/n/12 (+20) Vorschläge zur Ver-bes-se-

Underfull \hbox (badness 10000) in paragraph at lines 21--21
[]|\T1/lmr/m/n/12 (+20) Cohere Com-

Underfull \hbox (badness 10000) in paragraph at lines 22--22
[]|\T1/lmr/m/n/12 (+20) Code-

Overfull \hbox (4.44202pt too wide) in paragraph at lines 22--22
\T1/lmr/m/n/12 (-20) Vervollständigung| 

Overfull \hbox (6.90504pt too wide) in paragraph at lines 23--23
[]|\T1/lmr/m/n/12 (-20) Literaturrecherche| 

Underfull \hbox (badness 10000) in paragraph at lines 23--23
[]|\T1/lmr/m/n/12 (+20) Zusammenfassung ak-tu-el-ler

Underfull \hbox (badness 10000) in paragraph at lines 24--24
[]|\T1/lmr/m/n/12 (+20) Technische Zu-

Underfull \hbox (badness 1303) in paragraph at lines 24--24
[]|\T1/lmr/m/n/12 (+20) Auswertung von API-/RFC-

Underfull \hbox (badness 2384) in paragraph at lines 24--24
[]|\T1/lmr/m/n/12 (+20) Kompakte Zu-sam-men-fas-

Underfull \hbox (badness 2744) in paragraph at lines 25--25
[]|\T1/lmr/m/n/12 (+20) OpenAI GPT-

Underfull \hbox (badness 10000) in paragraph at lines 25--25
[]|\T1/lmr/m/n/12 (+20) Formulierungs-

Underfull \hbox (badness 6592) in paragraph at lines 25--25
[]|\T1/lmr/m/n/12 (+20) Alternative For-mu-lie-run-

Underfull \hbox (badness 10000) in paragraph at lines 25--25
[]|\T1/lmr/m/n/12 (+20) Kap. 1.2,

Underfull \hbox (badness 1112) in paragraph at lines 26--26
[]|\T1/lmr/m/n/12 (+20) Konsolidierte Stichpunkt-

Underfull \hbox (badness 10000) in paragraph at lines 26--26
\T1/lmr/m/n/12 (+20) Zusammenfassung mit
[54]
[55])
[56] (./Thesis.aux) )
(see the transcript file for additional information)</usr/local/texlive/2025/te
xmf-dist/fonts/type1/public/lm/lmbx10.pfb></usr/local/texlive/2025/texmf-dist/f
onts/type1/public/lm/lmbx12.pfb></usr/local/texlive/2025/texmf-dist/fonts/type1
/public/lm/lmcsc10.pfb></usr/local/texlive/2025/texmf-dist/fonts/type1/public/l
m/lmr10.pfb></usr/local/texlive/2025/texmf-dist/fonts/type1/public/lm/lmr12.pfb
></usr/local/texlive/2025/texmf-dist/fonts/type1/public/lm/lmr6.pfb></usr/local
/texlive/2025/texmf-dist/fonts/type1/public/lm/lmr8.pfb></usr/local/texlive/202
5/texmf-dist/fonts/type1/public/lm/lmri10.pfb></usr/local/texlive/2025/texmf-di
st/fonts/type1/public/lm/lmri12.pfb></usr/local/texlive/2025/texmf-dist/fonts/t
ype1/public/lm/lmss10.pfb></usr/local/texlive/2025/texmf-dist/fonts/type1/publi
c/lm/lmss12.pfb></usr/local/texlive/2025/texmf-dist/fonts/type1/public/lm/lmss1
7.pfb></usr/local/texlive/2025/texmf-dist/fonts/type1/public/lm/lmssbx10.pfb></
usr/local/texlive/2025/texmf-dist/fonts/type1/public/lm/lmsy10.pfb></usr/local/
texlive/2025/texmf-dist/fonts/type1/public/lm/lmtk10.pfb></usr/local/texlive/20
25/texmf-dist/fonts/type1/public/lm/lmtt10.pfb></usr/local/texlive/2025/texmf-d
ist/fonts/type1/public/lm/lmtt12.pfb></usr/local/texlive/2025/texmf-dist/fonts/
type1/public/lm/lmtti10.pfb>
Output written on Thesis.pdf (80 pages, 625574 bytes).
Transcript written on Thesis.log.
